// Jest Snapshot v1, https://goo.gl/fbAQLP

exports[`LoadingOverlay it renders correctly 1`] = `
<View
  style={
    Array [
      Object {
        "alignItems": "center",
        "bottom": 0,
        "justifyContent": "center",
        "left": 0,
        "position": "absolute",
        "right": 0,
        "top": 0,
      },
      Object {
        "backgroundColor": "rgba(0,0,0,0.5)",
      },
      5,
    ]
  }
>
  <Memo(Loader)
    textStyle={
      Object {
        "color": "#FFF",
      }
    }
    visible={true}
  />
</View>
`;

exports[`LoadingOverlay it renders correctly when showOverlay is FALSE 1`] = `""`;
