// Jest Snapshot v1, https://goo.gl/fbAQLP

exports[`MetrobusMap it renders correctly 1`] = `
<MapView
  followsUserLocation={true}
  initialRegion={
    Object {
      "latitude": 19,
      "latitudeDelta": 0.01,
      "longitude": -79,
      "longitudeDelta": 0.01,
    }
  }
  showsUserLocation={true}
  style={
    Object {
      "flex": 1,
    }
  }
>
  <MapMarker
    coordinate={
      Object {
        "latitude": 19,
        "latitudeDelta": 0.01,
        "longitude": -79,
        "longitudeDelta": 0.01,
      }
    }
    key="This a name"
    pinColor="#042EC6"
    stopPropagation={false}
    title="This a name"
  />
</MapView>
`;
